Conjecture257.lean:26:9: error: function expected at
  isIntegral_algebraMap
term has type
  IsIntegral ℚ ((algebraMap ℚ ℂ) ?m.1936)
Conjecture257.lean:40:2: error: unsolved goals
case hdeg
d : ℕ
hd : 0 < d
⊢ 1 ≤ (Polynomial.X ^ 2 + ↑d).natDegree ∧ (Polynomial.X ^ 2 + ↑d).natDegree ≤ 3
Conjecture257.lean:48:47: error: unsolved goals
d : ℕ
hd : 0 < d
hp : Polynomial.X ^ 2 + Polynomial.C ↑d = minpoly ℚ (imaginaryRoot d)
⊢ (Polynomial.X ^ 2 + ↑d).natDegree = 2
Conjecture257.lean:94:2: error: type mismatch
  quadraticField_mul_square d m hm
has type
  quadraticField (d * m ^ 2) = quadraticField d : Prop
but is expected to have type
  ↥(quadraticField (d * m ^ 2)) = ↥(quadraticField d) : Prop
