✔ [3032/3038] Built Mathlib.NumberTheory.NumberField.CanonicalEmbedding.ConvexBody
✔ [3033/3038] Built Mathlib.NumberTheory.NumberField.Discriminant.Basic
✔ [3034/3038] Built Mathlib.NumberTheory.NumberField.ClassNumber
✔ [3035/3038] Built Conjecture257
ℹ [3037/3038] Built Audit257
info: ././././Audit257.lean:3:0: 'Conjecture257.imaginaryRoot' depends on axioms: [propext, Classical.choice, Quot.sound]
info: ././././Audit257.lean:4:0: 'Conjecture257.quadraticField' depends on axioms: [propext, Classical.choice, Quot.sound]
info: ././././Audit257.lean:5:0: 'Conjecture257.imaginaryRoot_sq' depends on axioms: [propext, Classical.choice, Quot.sound]
info: ././././Audit257.lean:6:0: 'Conjecture257.imaginaryRoot_integral' depends on axioms: [propext, Classical.choice, Quot.sound]
info: ././././Audit257.lean:7:0: 'Conjecture257.quadraticFieldNumberField' depends on axioms: [propext, Classical.choice, Quot.sound]
info: ././././Audit257.lean:8:0: 'Conjecture257.imaginaryRoot_im_pos' depends on axioms: [propext, Classical.choice, Quot.sound]
info: ././././Audit257.lean:9:0: 'Conjecture257.definingPolynomial_irreducible' depends on axioms: [propext, Classical.choice, Quot.sound]
info: ././././Audit257.lean:10:0: 'Conjecture257.quadraticField_finrank' depends on axioms: [propext, Classical.choice, Quot.sound]
info: ././././Audit257.lean:11:0: 'Conjecture257.imaginaryClassNumber' depends on axioms: [propext, Classical.choice, Quot.sound]
info: ././././Audit257.lean:12:0: 'Conjecture257.imaginaryRoot_mul_square' depends on axioms: [propext, Classical.choice, Quot.sound]
info: ././././Audit257.lean:13:0: 'Conjecture257.quadraticField_mul_square' depends on axioms: [propext, Classical.choice, Quot.sound]
info: ././././Audit257.lean:14:0: 'Conjecture257.classNumber_congr' depends on axioms: [propext, Classical.choice, Quot.sound]
info: ././././Audit257.lean:15:0: 'Conjecture257.imaginaryClassNumber_mul_square' depends on axioms: [propext, Classical.choice, Quot.sound]
info: ././././Audit257.lean:16:0: 'Conjecture257.pell_unbounded' depends on axioms: [propext, Classical.choice, Quot.sound]
info: ././././Audit257.lean:17:0: 'Conjecture257.counterexample_for_every_constant' depends on axioms: [propext, Classical.choice, Quot.sound]
info: ././././Audit257.lean:18:0: 'Conjecture257.Conjecture' depends on axioms: [propext, Classical.choice, Quot.sound]
info: ././././Audit257.lean:19:0: 'Conjecture257.conjecture_false' depends on axioms: [propext, Classical.choice, Quot.sound]
Build completed successfully.
