{"synthetic": false,
 "schemaVersion": "2025-09-10",
 "outputs":
 {"o": ["56f5bd1ef166f8de.olean"],
  "m": false,
  "i": "582b072b262f00a5.ilean",
  "c": "97d6bff3763a1b90.c"},
 "log":
 [{"message":
   ".> LEAN_PATH=/Users/mychanging/WorkBuddy AI/2026-09-12-15-56-01/wt-00000000057/solutions/00000000057/my_submission_20260929080518/lean4/.lake/build/lib/lean /Users/mychanging/.workbuddy-ai/binaries/lean/elan/toolchains/leanprover--lean4---v4.33.1/bin/lean /Users/mychanging/WorkBuddy AI/2026-09-12-15-56-01/wt-00000000057/solutions/00000000057/my_submission_20260929080518/lean4/Main.lean -o /Users/mychanging/WorkBuddy AI/2026-09-12-15-56-01/wt-00000000057/solutions/00000000057/my_submission_20260929080518/lean4/.lake/build/lib/lean/Main.olean -i /Users/mychanging/WorkBuddy AI/2026-09-12-15-56-01/wt-00000000057/solutions/00000000057/my_submission_20260929080518/lean4/.lake/build/lib/lean/Main.ilean -c /Users/mychanging/WorkBuddy AI/2026-09-12-15-56-01/wt-00000000057/solutions/00000000057/my_submission_20260929080518/lean4/.lake/build/ir/Main.c --setup /Users/mychanging/WorkBuddy AI/2026-09-12-15-56-01/wt-00000000057/solutions/00000000057/my_submission_20260929080518/lean4/.lake/build/ir/Main.setup.json --json",
   "level": "trace"}],
 "inputs":
 [["deps",
   [["tlmc057/Main:extraDep", [["@tlmc057:extraDep", "00000000000006bb"]]],
    ["imports", "00000000000006bb"]]],
  ["libs",
   [["import dynlibs", "00000000000006bb"],
    ["package external libraries", "00000000000006bb"],
    ["module dynlibs", "00000000000006bb"],
    ["module plugins", "00000000000006bb"]]],
  ["Lean 4.33.1, commit 819816b2e0a3bf405af45ae5c7af2491d8f5bee6",
   "0051240b7c23c453"],
  ["/Users/mychanging/WorkBuddy AI/2026-09-12-15-56-01/wt-00000000057/solutions/00000000057/my_submission_20260929080518/lean4/Main.lean",
   "eabcf18180780e28"],
  ["options", "00000000000006bb"],
  ["isModule: false", "feefd2a0d3a1847e"],
  ["Module.name: Main", "f2a1fd945cf30c62"],
  ["Package.id?: (some tlmc057)", "07eb5816916b82b2"],
  ["Module.leanArgs: #[]", "00000000000006bb"]],
 "depHash": "2dd838e3f5b3af53"}