'Conjecture637.artinRelator' depends on axioms: [propext, Quot.sound]
'Conjecture637.braidRelations' depends on axioms: [propext, Quot.sound]
'Conjecture637.BraidThree' depends on axioms: [propext, Classical.choice, Quot.sound]
'Conjecture637.sigmaOne' depends on axioms: [propext, Classical.choice, Quot.sound]
'Conjecture637.sigmaTwo' depends on axioms: [propext, Classical.choice, Quot.sound]
'Conjecture637.artin_relation' depends on axioms: [propext, Classical.choice, Quot.sound]
'Conjecture637.permutationGenerator' depends on axioms: [propext]
'Conjecture637.permutation_respects_relation' depends on axioms: [propext, Classical.choice, Quot.sound]
'Conjecture637.strandPermutation' depends on axioms: [propext, Classical.choice, Quot.sound]
'Conjecture637.strandPermutation_sigmaOne' depends on axioms: [propext, Classical.choice, Quot.sound]
'Conjecture637.strandPermutation_sigmaTwo' depends on axioms: [propext, Classical.choice, Quot.sound]
'Conjecture637.pureBraidSubgroup' depends on axioms: [propext, Classical.choice, Quot.sound]
'Conjecture637.PureBraidThree' depends on axioms: [propext, Classical.choice, Quot.sound]
'Conjecture637.halfTwist' depends on axioms: [propext, Classical.choice, Quot.sound]
'Conjecture637.fullTwist' depends on axioms: [propext, Classical.choice, Quot.sound]
'Conjecture637.fullTwist_eq_halfTwist_sq' depends on axioms: [propext, Classical.choice, Quot.sound]
'Conjecture637.halfTwist_mul_sigmaOne' depends on axioms: [propext, Classical.choice, Quot.sound]
'Conjecture637.halfTwist_mul_sigmaTwo' depends on axioms: [propext, Classical.choice, Quot.sound]
'Conjecture637.fullTwist_commutes_sigmaOne' depends on axioms: [propext, Classical.choice, Quot.sound]
'Conjecture637.fullTwist_commutes_sigmaTwo' depends on axioms: [propext, Classical.choice, Quot.sound]
'Conjecture637.fullTwist_mem_center' depends on axioms: [propext, Classical.choice, Quot.sound]
'Conjecture637.fullTwist_is_pure' depends on axioms: [propext, Classical.choice, Quot.sound]
'Conjecture637.pureFullTwist' depends on axioms: [propext, Classical.choice, Quot.sound]
'Conjecture637.pureFullTwist_mem_center' depends on axioms: [propext, Classical.choice, Quot.sound]
'Conjecture637.exponentGenerator' depends on axioms: [Quot.sound]
'Conjecture637.exponent_respects_relation' depends on axioms: [propext, Quot.sound]
'Conjecture637.exponentSum' depends on axioms: [propext, Classical.choice, Quot.sound]
'Conjecture637.exponentSum_sigmaOne' depends on axioms: [propext, Classical.choice, Quot.sound]
'Conjecture637.exponentSum_sigmaTwo' depends on axioms: [propext, Classical.choice, Quot.sound]
'Conjecture637.exponentSum_fullTwist' depends on axioms: [propext, Classical.choice, Quot.sound]
'Conjecture637.fullTwist_not_zpower_square' depends on axioms: [propext, Classical.choice, Quot.sound]
'Conjecture637.pureFullTwist_not_mem_square_zpowers' depends on axioms: [propext, Classical.choice, Quot.sound]
'Conjecture637.center_not_generated_by_square_of_fullTwist' depends on axioms: [propext, Classical.choice, Quot.sound]
'Conjecture637.three_is_in_source_range' does not depend on any axioms
'Conjecture637.RequiredConjunctionAtThree' depends on axioms: [propext, Classical.choice, Quot.sound]
'Conjecture637.required_conjunction_at_three_false' depends on axioms: [propext, Classical.choice, Quot.sound]
theorem Conjecture637.center_not_generated_by_square_of_fullTwist : Subgroup.center ↥Conjecture637.PureBraidThree ≠
  Subgroup.zpowers (Conjecture637.pureFullTwist ^ 2) :=
fun h =>
  Conjecture637.pureFullTwist_not_mem_square_zpowers
    (Eq.mpr (id (congrArg (fun _a => Conjecture637.pureFullTwist ∈ _a) (Eq.symm h)))
      Conjecture637.pureFullTwist_mem_center)
theorem Conjecture637.required_conjunction_at_three_false : ∀ (secondConjunct : Prop),
  ¬Conjecture637.RequiredConjunctionAtThree secondConjunct :=
fun secondConjunct h => Conjecture637.center_not_generated_by_square_of_fullTwist h.left
