✔ [1178/1181] Built Conjecture637
ℹ [1180/1181] Built Audit
info: ././././Audit.lean:4:0: 'Conjecture637.artinRelator' depends on axioms: [propext, Quot.sound]
info: ././././Audit.lean:5:0: 'Conjecture637.braidRelations' depends on axioms: [propext, Quot.sound]
info: ././././Audit.lean:6:0: 'Conjecture637.BraidThree' depends on axioms: [propext, Classical.choice, Quot.sound]
info: ././././Audit.lean:7:0: 'Conjecture637.sigmaOne' depends on axioms: [propext, Classical.choice, Quot.sound]
info: ././././Audit.lean:8:0: 'Conjecture637.sigmaTwo' depends on axioms: [propext, Classical.choice, Quot.sound]
info: ././././Audit.lean:9:0: 'Conjecture637.artin_relation' depends on axioms: [propext, Classical.choice, Quot.sound]
info: ././././Audit.lean:10:0: 'Conjecture637.permutationGenerator' depends on axioms: [propext]
info: ././././Audit.lean:11:0: 'Conjecture637.permutation_respects_relation' depends on axioms: [propext, Classical.choice, Quot.sound]
info: ././././Audit.lean:12:0: 'Conjecture637.strandPermutation' depends on axioms: [propext, Classical.choice, Quot.sound]
info: ././././Audit.lean:13:0: 'Conjecture637.strandPermutation_sigmaOne' depends on axioms: [propext, Classical.choice, Quot.sound]
info: ././././Audit.lean:14:0: 'Conjecture637.strandPermutation_sigmaTwo' depends on axioms: [propext, Classical.choice, Quot.sound]
info: ././././Audit.lean:15:0: 'Conjecture637.pureBraidSubgroup' depends on axioms: [propext, Classical.choice, Quot.sound]
info: ././././Audit.lean:16:0: 'Conjecture637.PureBraidThree' depends on axioms: [propext, Classical.choice, Quot.sound]
info: ././././Audit.lean:17:0: 'Conjecture637.halfTwist' depends on axioms: [propext, Classical.choice, Quot.sound]
info: ././././Audit.lean:18:0: 'Conjecture637.fullTwist' depends on axioms: [propext, Classical.choice, Quot.sound]
info: ././././Audit.lean:19:0: 'Conjecture637.fullTwist_eq_halfTwist_sq' depends on axioms: [propext, Classical.choice, Quot.sound]
info: ././././Audit.lean:20:0: 'Conjecture637.halfTwist_mul_sigmaOne' depends on axioms: [propext, Classical.choice, Quot.sound]
info: ././././Audit.lean:21:0: 'Conjecture637.halfTwist_mul_sigmaTwo' depends on axioms: [propext, Classical.choice, Quot.sound]
info: ././././Audit.lean:22:0: 'Conjecture637.fullTwist_commutes_sigmaOne' depends on axioms: [propext, Classical.choice, Quot.sound]
info: ././././Audit.lean:23:0: 'Conjecture637.fullTwist_commutes_sigmaTwo' depends on axioms: [propext, Classical.choice, Quot.sound]
info: ././././Audit.lean:24:0: 'Conjecture637.fullTwist_mem_center' depends on axioms: [propext, Classical.choice, Quot.sound]
info: ././././Audit.lean:25:0: 'Conjecture637.fullTwist_is_pure' depends on axioms: [propext, Classical.choice, Quot.sound]
info: ././././Audit.lean:26:0: 'Conjecture637.pureFullTwist' depends on axioms: [propext, Classical.choice, Quot.sound]
info: ././././Audit.lean:27:0: 'Conjecture637.pureFullTwist_mem_center' depends on axioms: [propext, Classical.choice, Quot.sound]
info: ././././Audit.lean:28:0: 'Conjecture637.exponentGenerator' depends on axioms: [Quot.sound]
info: ././././Audit.lean:29:0: 'Conjecture637.exponent_respects_relation' depends on axioms: [propext, Quot.sound]
info: ././././Audit.lean:30:0: 'Conjecture637.exponentSum' depends on axioms: [propext, Classical.choice, Quot.sound]
info: ././././Audit.lean:31:0: 'Conjecture637.exponentSum_sigmaOne' depends on axioms: [propext, Classical.choice, Quot.sound]
info: ././././Audit.lean:32:0: 'Conjecture637.exponentSum_sigmaTwo' depends on axioms: [propext, Classical.choice, Quot.sound]
info: ././././Audit.lean:33:0: 'Conjecture637.exponentSum_fullTwist' depends on axioms: [propext, Classical.choice, Quot.sound]
info: ././././Audit.lean:34:0: 'Conjecture637.fullTwist_not_zpower_square' depends on axioms: [propext, Classical.choice, Quot.sound]
info: ././././Audit.lean:35:0: 'Conjecture637.pureFullTwist_not_mem_square_zpowers' depends on axioms: [propext, Classical.choice, Quot.sound]
info: ././././Audit.lean:36:0: 'Conjecture637.center_not_generated_by_square_of_fullTwist' depends on axioms: [propext, Classical.choice, Quot.sound]
info: ././././Audit.lean:37:0: 'Conjecture637.three_is_in_source_range' does not depend on any axioms
info: ././././Audit.lean:38:0: 'Conjecture637.RequiredConjunctionAtThree' depends on axioms: [propext, Classical.choice, Quot.sound]
info: ././././Audit.lean:39:0: 'Conjecture637.required_conjunction_at_three_false' depends on axioms: [propext, Classical.choice, Quot.sound]
info: ././././Audit.lean:41:0: theorem Conjecture637.center_not_generated_by_square_of_fullTwist : Subgroup.center ↥Conjecture637.PureBraidThree ≠
  Subgroup.zpowers (Conjecture637.pureFullTwist ^ 2) :=
fun h =>
  Conjecture637.pureFullTwist_not_mem_square_zpowers
    (Eq.mpr (id (congrArg (fun _a => Conjecture637.pureFullTwist ∈ _a) (Eq.symm h)))
      Conjecture637.pureFullTwist_mem_center)
info: ././././Audit.lean:42:0: theorem Conjecture637.required_conjunction_at_three_false : ∀ (secondConjunct : Prop),
  ¬Conjecture637.RequiredConjunctionAtThree secondConjunct :=
fun secondConjunct h => Conjecture637.center_not_generated_by_square_of_fullTwist h.left
Build completed successfully.
