'Conjecture2161.SignedGraph' depends on axioms: [propext, Classical.choice, Quot.sound]
'Conjecture2161.positiveInertiaIndex' depends on axioms: [propext, Classical.choice, Quot.sound]
'Conjecture2161.pathGraph' depends on axioms: [propext, Quot.sound]
'Conjecture2161.pathAdjDecidable' depends on axioms: [propext, Quot.sound]
'Conjecture2161.pathAdjacency' depends on axioms: [propext, Classical.choice, Quot.sound]
'Conjecture2161.pathAdjacency_symmetric' depends on axioms: [propext, Classical.choice, Quot.sound]
'Conjecture2161.pathAdjacency_edge_sign' depends on axioms: [propext, Classical.choice, Quot.sound]
'Conjecture2161.pathAdjacency_nonedge_zero' depends on axioms: [propext, Classical.choice, Quot.sound]
'Conjecture2161.signedPath' depends on axioms: [propext, Classical.choice, Quot.sound]
'Conjecture2161.path_not_complete' depends on axioms: [propext, Classical.choice, Quot.sound]
'Conjecture2161.IsIndependent' depends on axioms: [propext, Quot.sound]
'Conjecture2161.independentDecidable' depends on axioms: [propext, Quot.sound]
'Conjecture2161.independenceNumber' depends on axioms: [propext, Classical.choice, Quot.sound]
'Conjecture2161.independent_card_le_independenceNumber' depends on axioms: [propext, Classical.choice, Quot.sound]
'Conjecture2161.independenceNumber_le_iff' depends on axioms: [propext, Classical.choice, Quot.sound]
'Conjecture2161.path_independent_witness' depends on axioms: [propext, Classical.choice, Quot.sound]
'Conjecture2161.path_independent_upper' depends on axioms: [propext, Classical.choice, Quot.sound]
'Conjecture2161.path_independence_number' depends on axioms: [propext, Classical.choice, Quot.sound]
'Conjecture2161.path_characteristic_polynomial' depends on axioms: [propext, Classical.choice, Quot.sound]
'Conjecture2161.positiveRootLarge' depends on axioms: [propext, Classical.choice, Quot.sound]
'Conjecture2161.positiveRootSmall' depends on axioms: [propext, Classical.choice, Quot.sound]
'Conjecture2161.sqrt_five_gt_one' depends on axioms: [propext, Classical.choice, Quot.sound]
'Conjecture2161.positiveRootLarge_pos' depends on axioms: [propext, Classical.choice, Quot.sound]
'Conjecture2161.positiveRootSmall_pos' depends on axioms: [propext, Classical.choice, Quot.sound]
'Conjecture2161.pathEigenvalues' depends on axioms: [propext, Classical.choice, Quot.sound]
'Conjecture2161.path_charpoly_factorization' depends on axioms: [propext, Classical.choice, Quot.sound]
'Conjecture2161.path_roots' depends on axioms: [propext, Classical.choice, Quot.sound]
'Conjecture2161.path_positive_inertia' depends on axioms: [propext, Classical.choice, Quot.sound]
'Conjecture2161.path_connected' depends on axioms: [propext, Classical.choice, Quot.sound]
'Conjecture2161.RotationSystem' depends on axioms: [propext, Quot.sound]
'Conjecture2161.RotationSystem.Face' depends on axioms: [propext, Quot.sound]
'Conjecture2161.RotationSystem.faceFinite' depends on axioms: [propext, Classical.choice, Quot.sound]
'Conjecture2161.RotationSystem.faceCount' depends on axioms: [propext, Classical.choice, Quot.sound]
'Conjecture2161.HasCellularGenus' depends on axioms: [propext, Classical.choice, Quot.sound]
'Conjecture2161.IsMinimumGenus' depends on axioms: [propext, Classical.choice, Quot.sound]
'Conjecture2161.pathTail' depends on axioms: [propext]
'Conjecture2161.pathReverse' depends on axioms: [propext, Classical.choice, Quot.sound]
'Conjecture2161.pathRotate' depends on axioms: [propext, Classical.choice, Quot.sound]
'Conjecture2161.path_vertex_cyclic' depends on axioms: [propext, Classical.choice, Quot.sound]
'Conjecture2161.pathRotationSystem' depends on axioms: [propext, Classical.choice, Quot.sound]
'Conjecture2161.path_face_transitive' depends on axioms: [propext, Classical.choice, Quot.sound]
'Conjecture2161.path_faces_one' depends on axioms: [propext, Classical.choice, Quot.sound]
'Conjecture2161.path_edges_three' depends on axioms: [propext, Classical.choice, Quot.sound]
'Conjecture2161.path_genus_zero' depends on axioms: [propext, Classical.choice, Quot.sound]
'Conjecture2161.path_minimum_genus_zero' depends on axioms: [propext, Classical.choice, Quot.sound]
'Conjecture2161.path_attains_printed_bound' depends on axioms: [propext, Classical.choice, Quot.sound]
'Conjecture2161.counterexample_certificate' depends on axioms: [propext, Classical.choice, Quot.sound]
'Conjecture2161.not_per_graph_genus_one' depends on axioms: [propext, Classical.choice, Quot.sound]
'Conjecture2161.ClassMinimumOneLowerBound' depends on axioms: [propext, Classical.choice, Quot.sound]
'Conjecture2161.not_class_minimum_one' depends on axioms: [propext, Classical.choice, Quot.sound]
