✔ [2810/2813] Built Conjecture2161
ℹ [2812/2813] Built Audit2161
info: ././././Audit2161.lean:6:0: 'Conjecture2161.SignedGraph' depends on axioms: [propext, Classical.choice, Quot.sound]
info: ././././Audit2161.lean:7:0: 'Conjecture2161.positiveInertiaIndex' depends on axioms: [propext, Classical.choice, Quot.sound]
info: ././././Audit2161.lean:8:0: 'Conjecture2161.pathGraph' depends on axioms: [propext, Quot.sound]
info: ././././Audit2161.lean:9:0: 'Conjecture2161.pathAdjDecidable' depends on axioms: [propext, Quot.sound]
info: ././././Audit2161.lean:10:0: 'Conjecture2161.pathAdjacency' depends on axioms: [propext, Classical.choice, Quot.sound]
info: ././././Audit2161.lean:11:0: 'Conjecture2161.pathAdjacency_symmetric' depends on axioms: [propext, Classical.choice, Quot.sound]
info: ././././Audit2161.lean:12:0: 'Conjecture2161.pathAdjacency_edge_sign' depends on axioms: [propext, Classical.choice, Quot.sound]
info: ././././Audit2161.lean:13:0: 'Conjecture2161.pathAdjacency_nonedge_zero' depends on axioms: [propext, Classical.choice, Quot.sound]
info: ././././Audit2161.lean:14:0: 'Conjecture2161.signedPath' depends on axioms: [propext, Classical.choice, Quot.sound]
info: ././././Audit2161.lean:15:0: 'Conjecture2161.path_not_complete' depends on axioms: [propext, Classical.choice, Quot.sound]
info: ././././Audit2161.lean:16:0: 'Conjecture2161.IsIndependent' depends on axioms: [propext, Quot.sound]
info: ././././Audit2161.lean:17:0: 'Conjecture2161.independentDecidable' depends on axioms: [propext, Quot.sound]
info: ././././Audit2161.lean:18:0: 'Conjecture2161.independenceNumber' depends on axioms: [propext, Classical.choice, Quot.sound]
info: ././././Audit2161.lean:19:0: 'Conjecture2161.independent_card_le_independenceNumber' depends on axioms: [propext, Classical.choice, Quot.sound]
info: ././././Audit2161.lean:20:0: 'Conjecture2161.independenceNumber_le_iff' depends on axioms: [propext, Classical.choice, Quot.sound]
info: ././././Audit2161.lean:21:0: 'Conjecture2161.path_independent_witness' depends on axioms: [propext, Classical.choice, Quot.sound]
info: ././././Audit2161.lean:22:0: 'Conjecture2161.path_independent_upper' depends on axioms: [propext, Classical.choice, Quot.sound]
info: ././././Audit2161.lean:23:0: 'Conjecture2161.path_independence_number' depends on axioms: [propext, Classical.choice, Quot.sound]
info: ././././Audit2161.lean:24:0: 'Conjecture2161.path_characteristic_polynomial' depends on axioms: [propext, Classical.choice, Quot.sound]
info: ././././Audit2161.lean:25:0: 'Conjecture2161.positiveRootLarge' depends on axioms: [propext, Classical.choice, Quot.sound]
info: ././././Audit2161.lean:26:0: 'Conjecture2161.positiveRootSmall' depends on axioms: [propext, Classical.choice, Quot.sound]
info: ././././Audit2161.lean:27:0: 'Conjecture2161.sqrt_five_gt_one' depends on axioms: [propext, Classical.choice, Quot.sound]
info: ././././Audit2161.lean:28:0: 'Conjecture2161.positiveRootLarge_pos' depends on axioms: [propext, Classical.choice, Quot.sound]
info: ././././Audit2161.lean:29:0: 'Conjecture2161.positiveRootSmall_pos' depends on axioms: [propext, Classical.choice, Quot.sound]
info: ././././Audit2161.lean:30:0: 'Conjecture2161.pathEigenvalues' depends on axioms: [propext, Classical.choice, Quot.sound]
info: ././././Audit2161.lean:31:0: 'Conjecture2161.path_charpoly_factorization' depends on axioms: [propext, Classical.choice, Quot.sound]
info: ././././Audit2161.lean:32:0: 'Conjecture2161.path_roots' depends on axioms: [propext, Classical.choice, Quot.sound]
info: ././././Audit2161.lean:33:0: 'Conjecture2161.path_positive_inertia' depends on axioms: [propext, Classical.choice, Quot.sound]
info: ././././Audit2161.lean:34:0: 'Conjecture2161.path_connected' depends on axioms: [propext, Classical.choice, Quot.sound]
info: ././././Audit2161.lean:35:0: 'Conjecture2161.RotationSystem' depends on axioms: [propext, Quot.sound]
info: ././././Audit2161.lean:36:0: 'Conjecture2161.RotationSystem.Face' depends on axioms: [propext, Quot.sound]
info: ././././Audit2161.lean:37:0: 'Conjecture2161.RotationSystem.faceFinite' depends on axioms: [propext, Classical.choice, Quot.sound]
info: ././././Audit2161.lean:38:0: 'Conjecture2161.RotationSystem.faceCount' depends on axioms: [propext, Classical.choice, Quot.sound]
info: ././././Audit2161.lean:39:0: 'Conjecture2161.HasCellularGenus' depends on axioms: [propext, Classical.choice, Quot.sound]
info: ././././Audit2161.lean:40:0: 'Conjecture2161.IsMinimumGenus' depends on axioms: [propext, Classical.choice, Quot.sound]
info: ././././Audit2161.lean:41:0: 'Conjecture2161.pathTail' depends on axioms: [propext]
info: ././././Audit2161.lean:42:0: 'Conjecture2161.pathReverse' depends on axioms: [propext, Classical.choice, Quot.sound]
info: ././././Audit2161.lean:43:0: 'Conjecture2161.pathRotate' depends on axioms: [propext, Classical.choice, Quot.sound]
info: ././././Audit2161.lean:44:0: 'Conjecture2161.path_vertex_cyclic' depends on axioms: [propext, Classical.choice, Quot.sound]
info: ././././Audit2161.lean:45:0: 'Conjecture2161.pathRotationSystem' depends on axioms: [propext, Classical.choice, Quot.sound]
info: ././././Audit2161.lean:46:0: 'Conjecture2161.path_face_transitive' depends on axioms: [propext, Classical.choice, Quot.sound]
info: ././././Audit2161.lean:47:0: 'Conjecture2161.path_faces_one' depends on axioms: [propext, Classical.choice, Quot.sound]
info: ././././Audit2161.lean:48:0: 'Conjecture2161.path_edges_three' depends on axioms: [propext, Classical.choice, Quot.sound]
info: ././././Audit2161.lean:49:0: 'Conjecture2161.path_genus_zero' depends on axioms: [propext, Classical.choice, Quot.sound]
info: ././././Audit2161.lean:50:0: 'Conjecture2161.path_minimum_genus_zero' depends on axioms: [propext, Classical.choice, Quot.sound]
info: ././././Audit2161.lean:51:0: 'Conjecture2161.path_attains_printed_bound' depends on axioms: [propext, Classical.choice, Quot.sound]
info: ././././Audit2161.lean:52:0: 'Conjecture2161.counterexample_certificate' depends on axioms: [propext, Classical.choice, Quot.sound]
info: ././././Audit2161.lean:53:0: 'Conjecture2161.not_per_graph_genus_one' depends on axioms: [propext, Classical.choice, Quot.sound]
info: ././././Audit2161.lean:54:0: 'Conjecture2161.ClassMinimumOneLowerBound' depends on axioms: [propext, Classical.choice, Quot.sound]
info: ././././Audit2161.lean:55:0: 'Conjecture2161.not_class_minimum_one' depends on axioms: [propext, Classical.choice, Quot.sound]
Build completed successfully.
