AUDIT Conjecture525.cusp_mem_origin: [propext, Quot.sound, Classical.choice]
AUDIT Conjecture525.admissible_bound: [propext, Quot.sound, Classical.choice]
AUDIT Conjecture525.local_residue_claim_false: [propext, Quot.sound, Classical.choice]
AUDIT Conjecture525.origin_values_bddAbove: [propext, Quot.sound, Classical.choice]
AUDIT Conjecture525.globalFpt_ne_five_sixths: [propext, Quot.sound, Classical.choice]
AUDIT Conjecture525.originIdeal: [propext, Quot.sound, Classical.choice]
AUDIT Conjecture525.cusp_mem_originIdeal: [propext, Quot.sound, Classical.choice]
AUDIT Conjecture525.globalFpt: [propext, Quot.sound, Classical.choice]
AUDIT Conjecture525.y_pow_mem: [propext, Quot.sound, Classical.choice]
AUDIT Conjecture525.originPower: [propext, Quot.sound, Classical.choice]
AUDIT Conjecture525.PrimeCharacteristic: [propext]
AUDIT Conjecture525.thresholdAt_admissible_le_one._proof_3: [propext, Quot.sound]
AUDIT Conjecture525.fpt: [propext, Quot.sound, Classical.choice]
AUDIT Conjecture525.allLevels_eq_positive: [propext, Quot.sound, Classical.choice]
AUDIT Conjecture525.ConjectureAt: [propext, Quot.sound, Classical.choice]
AUDIT Conjecture525.y: [propext, Quot.sound, Classical.choice]
AUDIT Conjecture525.pow_mem_of_mem: [propext, Quot.sound, Classical.choice]
AUDIT Conjecture525.bracketPower: [propext, Quot.sound, Classical.choice]
AUDIT Conjecture525.cusp_four_mem: [propext, Quot.sound, Classical.choice]
AUDIT Conjecture525.thresholdAt_nonneg: [propext, Quot.sound, Classical.choice]
AUDIT Conjecture525.originIdeal._proof_2: [propext, Quot.sound, Classical.choice]
AUDIT Conjecture525.cusp_mem_originIdeal._proof_3: [propext, Quot.sound]
AUDIT Conjecture525.bracketPower_one: [propext, Quot.sound, Classical.choice]
AUDIT Conjecture525.fpt_eq_positive_levels: [propext, Quot.sound, Classical.choice]
AUDIT Conjecture525.y.eq_1: [propext, Quot.sound, Classical.choice]
AUDIT Conjecture525.Plane: [propext, Quot.sound]
AUDIT Conjecture525.one_not_mem: [propext, Quot.sound, Classical.choice]
AUDIT Conjecture525.x._proof_1: [propext]
AUDIT Conjecture525.thresholdAt_eq_positive_levels: [propext, Quot.sound, Classical.choice]
AUDIT Conjecture525.globalFpt_le_thresholdAt: [propext, Quot.sound, Classical.choice]
AUDIT Conjecture525.ResidueClaim._proof_5: []
AUDIT Conjecture525.localPrimeThreshold: [propext, Quot.sound, Classical.choice]
AUDIT Conjecture525.thresholdAt_set_nonempty: [propext, Quot.sound, Classical.choice]
AUDIT Conjecture525.bracketPower_le: [propext, Quot.sound, Classical.choice]
AUDIT Conjecture525.ResidueClaim: [propext, Quot.sound, Classical.choice]
AUDIT Conjecture525.x: [propext, Quot.sound, Classical.choice]
AUDIT Conjecture525.local_conjecture_false: [propext, Quot.sound, Classical.choice]
AUDIT Conjecture525.fpt_le_four_fifths: [propext, Quot.sound, Classical.choice]
AUDIT Conjecture525.originPower_le_bracket: [propext, Quot.sound, Classical.choice]
AUDIT Conjecture525.x_pow_mem: [propext, Quot.sound, Classical.choice]
AUDIT Conjecture525.cusp_all_levels: [propext, Quot.sound, Classical.choice]
AUDIT Conjecture525.x.eq_1: [propext, Quot.sound, Classical.choice]
AUDIT Conjecture525.global_conjecture_false: [propext, Quot.sound, Classical.choice]
AUDIT Conjecture525.bracketPower.eq_1: [propext, Quot.sound, Classical.choice]
AUDIT Conjecture525.originIdeal.eq_1: [propext, Quot.sound, Classical.choice]
AUDIT Conjecture525.globalFpt_le_origin_fpt: [propext, Quot.sound, Classical.choice]
AUDIT Conjecture525.fpt_ne_five_sixths: [propext, Quot.sound, Classical.choice]
AUDIT Conjecture525.thresholdAt_origin_le_fpt: [propext, Quot.sound, Classical.choice]
AUDIT Conjecture525.global_residue_claim_false: [propext, Quot.sound, Classical.choice]
AUDIT Conjecture525.thresholdAt: [propext, Quot.sound, Classical.choice]
AUDIT Conjecture525.localPrimeThreshold._proof_3: [propext]
AUDIT Conjecture525.thresholdAt_le_one: [propext, Quot.sound, Classical.choice]
AUDIT Conjecture525.originPower_le_bracket._proof_3: [propext, Quot.sound]
AUDIT Conjecture525.admissible_bound._proof_3: [propext, Quot.sound]
AUDIT Conjecture525.ResidueClaim._proof_4: []
AUDIT Conjecture525.cusp.eq_1: [propext, Quot.sound, Classical.choice]
AUDIT Conjecture525.globalFpt_le_four_fifths: [propext, Quot.sound, Classical.choice]
AUDIT Conjecture525.frobenius_mem: [propext, Quot.sound, Classical.choice]
AUDIT Conjecture525.globalPrimeThreshold: [propext, Quot.sound, Classical.choice]
AUDIT Conjecture525.cusp: [propext, Quot.sound, Classical.choice]
AUDIT Conjecture525.origin_isMaximal: [propext, Quot.sound, Classical.choice]
AUDIT Conjecture525.thresholdAt_admissible_le_one: [propext, Quot.sound, Classical.choice]
AUDIT Conjecture525.allLevels_eq_positive._proof_3: [propext, Quot.sound]
Audited 63 authored declarations, including generated declarations.
'Conjecture525.local_conjecture_false' depends on axioms: [propext, Classical.choice, Quot.sound]
'Conjecture525.global_conjecture_false' depends on axioms: [propext, Classical.choice, Quot.sound]
