'Conjecture407.LRTableau' depends on axioms: [propext, Classical.choice, Quot.sound]
'Conjecture407.LRTableau._sizeOf_1' depends on axioms: [propext, Classical.choice, Quot.sound]
'Conjecture407.LRTableau._sizeOf_inst' depends on axioms: [propext, Classical.choice, Quot.sound]
'Conjecture407.LRTableau.casesOn' depends on axioms: [propext, Classical.choice, Quot.sound]
'Conjecture407.LRTableau.colStrict' depends on axioms: [propext, Classical.choice, Quot.sound]
'Conjecture407.LRTableau.contained' depends on axioms: [propext, Classical.choice, Quot.sound]
'Conjecture407.LRTableau.content' depends on axioms: [propext, Classical.choice, Quot.sound]
'Conjecture407.LRTableau.entry' depends on axioms: [propext, Classical.choice, Quot.sound]
'Conjecture407.LRTableau.entry_injective' depends on axioms: [propext, Classical.choice, Quot.sound]
'Conjecture407.LRTableau.entry_lt' depends on axioms: [propext, Classical.choice, Quot.sound]
'Conjecture407.LRTableau.lattice' depends on axioms: [propext, Classical.choice, Quot.sound]
'Conjecture407.LRTableau.mk' depends on axioms: [propext, Classical.choice, Quot.sound]
'Conjecture407.LRTableau.mk._flat_ctor' depends on axioms: [propext, Classical.choice, Quot.sound]
'Conjecture407.LRTableau.mk.inj' depends on axioms: [propext, Classical.choice, Quot.sound]
'Conjecture407.LRTableau.mk.injEq' depends on axioms: [propext, Classical.choice, Quot.sound]
'Conjecture407.LRTableau.mk.sizeOf_spec' depends on axioms: [propext, Classical.choice, Quot.sound]
'Conjecture407.LRTableau.noConfusion' depends on axioms: [propext, Classical.choice, Quot.sound]
'Conjecture407.LRTableau.noConfusionType' depends on axioms: [propext, Classical.choice, Quot.sound]
'Conjecture407.LRTableau.rec' depends on axioms: [propext, Classical.choice, Quot.sound]
'Conjecture407.LRTableau.recOn' depends on axioms: [propext, Classical.choice, Quot.sound]
'Conjecture407.LRTableau.rowWeak' depends on axioms: [propext, Classical.choice, Quot.sound]
'Conjecture407.LRTableau.size_balance' depends on axioms: [propext, Classical.choice, Quot.sound]
'Conjecture407.LRTableau.size_balance._proof_1' depends on axioms: [propext, Classical.choice, Quot.sound]
'Conjecture407.NonzeroEntry' depends on axioms: [propext, Classical.choice, Quot.sound]
'Conjecture407.Partition' depends on axioms: [propext, Quot.sound]
'Conjecture407.RatioAsymptotic' depends on axioms: [propext, Classical.choice, Quot.sound]
'Conjecture407.ReadingLE' does not depend on any axioms
'Conjecture407.ReadingLE.eq_1' does not depend on any axioms
'Conjecture407.SkewCell' depends on axioms: [propext, Classical.choice, Quot.sound]
'Conjecture407.cell_col_lt_card' depends on axioms: [propext, Classical.choice, Quot.sound]
'Conjecture407.cell_row_lt_card' depends on axioms: [propext, Classical.choice, Quot.sound]
'Conjecture407.conjecture407_false' depends on axioms: [propext, Classical.choice, Quot.sound]
'Conjecture407.diagram_card_eq_sum_rowLen' depends on axioms: [propext, Classical.choice, Quot.sound]
'Conjecture407.entryCount' depends on axioms: [propext, Classical.choice, Quot.sound]
'Conjecture407.entryCount.eq_1' depends on axioms: [propext, Classical.choice, Quot.sound]
'Conjecture407.lrCoefficient' depends on axioms: [propext, Classical.choice, Quot.sound]
'Conjecture407.lrCoefficient_eq_zero' depends on axioms: [propext, Classical.choice, Quot.sound]
'Conjecture407.lrCoefficient_eq_zero_of_not_contained' depends on axioms: [propext, Classical.choice, Quot.sound]
'Conjecture407.lrCoefficient_eq_zero_of_size_ne' depends on axioms: [propext, Classical.choice, Quot.sound]
'Conjecture407.lrTableauFinite' depends on axioms: [propext, Classical.choice, Quot.sound]
'Conjecture407.no_real_ratio_constant' depends on axioms: [propext, Classical.choice, Quot.sound]
'Conjecture407.no_tableau_same_positive_size' depends on axioms: [propext, Classical.choice, Quot.sound]
'Conjecture407.no_tableau_same_positive_size._proof_1' depends on axioms: [propext, Quot.sound]
'Conjecture407.nonzeroCount' depends on axioms: [propext, Classical.choice, Quot.sound]
'Conjecture407.nonzeroCount_eq_zero' depends on axioms: [propext, Classical.choice, Quot.sound]
'Conjecture407.nonzeroEntryFinite' depends on axioms: [propext, Classical.choice, Quot.sound]
'Conjecture407.normalized_eventually_zero' depends on axioms: [propext, Classical.choice, Quot.sound]
'Conjecture407.normalized_tendsto_zero' depends on axioms: [propext, Classical.choice, Quot.sound]
'Conjecture407.not_ratioAsymptotic' depends on axioms: [propext, Classical.choice, Quot.sound]
'Conjecture407.not_ratioAsymptotic._proof_3' depends on axioms: [propext, Quot.sound]
'Conjecture407.not_ratioAsymptotic._proof_4' depends on axioms: [propext, Quot.sound]
'Conjecture407.partitionFinite' depends on axioms: [propext, Classical.choice, Quot.sound]
'Conjecture407.prefixCount' depends on axioms: [propext, Classical.choice, Quot.sound]
'Conjecture407.readingLE_antisymm' depends on axioms: [propext, Quot.sound]
'Conjecture407.readingLE_antisymm._proof_1' depends on axioms: [propext, Quot.sound]
'Conjecture407.readingLE_antisymm._proof_2' depends on axioms: [propext, Quot.sound]
'Conjecture407.readingLE_refl' depends on axioms: [propext]
'Conjecture407.readingLE_total' depends on axioms: [propext, Classical.choice, Quot.sound]
'Conjecture407.readingLE_total._proof_1' depends on axioms: [propext, Classical.choice, Quot.sound]
'Conjecture407.readingLE_trans' depends on axioms: [propext, Classical.choice, Quot.sound]
'Conjecture407.readingLE_trans._proof_1' depends on axioms: [propext, Classical.choice, Quot.sound]
'Conjecture407.scale' depends on axioms: [propext, Classical.choice, Quot.sound]
'Conjecture407.scale._proof_1' does not depend on any axioms
'Conjecture407.scale._proof_2' does not depend on any axioms
'Conjecture407.scale_pos' depends on axioms: [propext, Classical.choice, Quot.sound]
'Conjecture407Audit.emptyPartition' depends on axioms: [propext, Classical.choice, Quot.sound]
'Conjecture407Audit.emptyPartition._proof_6' depends on axioms: [propext, Classical.choice, Quot.sound]
'Conjecture407Audit.emptyTableau' depends on axioms: [propext, Classical.choice, Quot.sound]
'Conjecture407Audit.emptyTableau._proof_1' depends on axioms: [propext, Classical.choice, Quot.sound]
'Conjecture407Audit.emptyTableau._proof_2' depends on axioms: [propext, Classical.choice, Quot.sound]
'Conjecture407Audit.emptyTableau._proof_3' depends on axioms: [propext, Classical.choice, Quot.sound]
'Conjecture407Audit.emptyTableau._proof_4' depends on axioms: [propext, Classical.choice, Quot.sound]
'Conjecture407Audit.emptyTableau._proof_5' depends on axioms: [propext, Classical.choice, Quot.sound]
'Conjecture407Audit.empty_coefficient_one' depends on axioms: [propext, Classical.choice, Quot.sound]
'Conjecture407Audit.partition_zero_unique' depends on axioms: [propext, Classical.choice, Quot.sound]
'Conjecture407Audit.table_one_zero' depends on axioms: [propext, Classical.choice, Quot.sound]
'Conjecture407Audit.table_two_zero' depends on axioms: [propext, Classical.choice, Quot.sound]
'Conjecture407Audit.table_zero_one' depends on axioms: [propext, Classical.choice, Quot.sound]
