{
  "raw_order": 120,
  "quotient_order": 60,
  "pair_generated_subgroup_sizes": {
    "1": 1,
    "2": 45,
    "3": 80,
    "4": 30,
    "5": 144,
    "6": 180,
    "10": 360,
    "12": 480,
    "60": 2280
  },
  "certified_subgroup_sizes": [
    12,
    12,
    12,
    12,
    12,
    10,
    10,
    10
  ],
  "certified_nongenerating_pairs": 888,
  "upper_bound_numerator": 2712,
  "required_numerator": 2736,
  "identity": [
    1,
    0,
    0,
    1
  ],
  "common_missing_witness": [
    0,
    1,
    4,
    3
  ]
}
