{
  "result": "PASS",
  "arithmetic": "exact fractions; no floating-point decisions",
  "reference_cube4": {
    "dimension": 4,
    "face_counts": [
      16,
      32,
      24,
      8
    ],
    "boundary_flag_simplices": 384,
    "volume": "16"
  },
  "reference_cross_polytope4": {
    "dimension": 4,
    "face_counts": [
      8,
      24,
      32,
      16
    ],
    "boundary_flag_simplices": 384,
    "volume": "2/3"
  },
  "body": {
    "dimension": 4,
    "face_counts": [
      12,
      30,
      28,
      10
    ],
    "boundary_flag_simplices": 384,
    "volume": "8/3"
  },
  "polar": {
    "dimension": 4,
    "face_counts": [
      10,
      28,
      30,
      12
    ],
    "boundary_flag_simplices": 384,
    "volume": "4"
  },
  "rational_shear": {
    "dimension": 4,
    "face_counts": [
      12,
      30,
      28,
      10
    ],
    "boundary_flag_simplices": 384,
    "volume": "16/3"
  },
  "mahler_product": "32/3",
  "stated_threshold": "32/3",
  "independent_checks": [
    "full supporting-facet enumeration and extreme-vertex certificates",
    "exact primal/polar vertex-facet duality in both directions",
    "face-lattice barycentric determinant volumes",
    "separate exact section integrals",
    "cube and cross-polytope reference volumes",
    "nonsingular rational shear determinant scaling"
  ],
  "scope": "Computational corroboration only; Lean must prove the actual body, polar, Lebesgue volumes and all-linear-image obstruction."
}
