✔ [2866/2869] Built Conjecture7744
ℹ [2868/2869] Built Audit
info: ././././Audit.lean:5:0: 'Conjecture7744.RegularGraph' depends on axioms: [propext, Classical.choice, Quot.sound]
info: ././././Audit.lean:6:0: 'Conjecture7744.regularGraphFintype' depends on axioms: [propext, Classical.choice, Quot.sound]
info: ././././Audit.lean:7:0: 'Conjecture7744.regularGraphMeasurableSpace' depends on axioms: [propext, Classical.choice, Quot.sound]
info: ././././Audit.lean:8:0: 'Conjecture7744.quadraticTrace' depends on axioms: [propext, Classical.choice, Quot.sound]
info: ././././Audit.lean:9:0: 'Conjecture7744.quadraticTrace_eq' depends on axioms: [propext, Classical.choice, Quot.sound]
info: ././././Audit.lean:10:0: 'Conjecture7744.uniformGraphs' depends on axioms: [propext, Classical.choice, Quot.sound]
info: ././././Audit.lean:11:0: 'Conjecture7744.uniformGraphs_mass' depends on axioms: [propext, Classical.choice, Quot.sound]
info: ././././Audit.lean:12:0: 'Conjecture7744.quadraticExpectation' depends on axioms: [propext, Classical.choice, Quot.sound]
info: ././././Audit.lean:13:0: 'Conjecture7744.quadraticExpectation_eq' depends on axioms: [propext, Classical.choice, Quot.sound]
info: ././././Audit.lean:14:0: 'Conjecture7744.quadraticFluctuation' depends on axioms: [propext, Classical.choice, Quot.sound]
info: ././././Audit.lean:15:0: 'Conjecture7744.quadraticFluctuation_zero' depends on axioms: [propext, Classical.choice, Quot.sound]
info: ././././Audit.lean:16:0: 'Conjecture7744.finite_quadratic_variance_zero' depends on axioms: [propext, Classical.choice, Quot.sound]
info: ././././Audit.lean:17:0: 'Conjecture7744.quadraticLaw' depends on axioms: [propext, Classical.choice, Quot.sound]
info: ././././Audit.lean:18:0: 'Conjecture7744.zeroLaw' depends on axioms: [propext, Classical.choice, Quot.sound]
info: ././././Audit.lean:19:0: 'Conjecture7744.quadraticLaw_is_pushforward' depends on axioms: [propext, Classical.choice, Quot.sound]
info: ././././Audit.lean:20:0: 'Conjecture7744.quadraticLaw_eq_zeroLaw' depends on axioms: [propext, Classical.choice, Quot.sound]
info: ././././Audit.lean:21:0: 'Conjecture7744.polynomialTrace' depends on axioms: [propext, Classical.choice, Quot.sound]
info: ././././Audit.lean:22:0: 'Conjecture7744.polynomialTrace_square' depends on axioms: [propext, Classical.choice, Quot.sound]
info: ././././Audit.lean:23:0: 'Conjecture7744.polynomialTrace_integrable' depends on axioms: [propext, Classical.choice, Quot.sound]
info: ././././Audit.lean:24:0: 'Conjecture7744.polynomialExpectation' depends on axioms: [propext, Classical.choice, Quot.sound]
info: ././././Audit.lean:25:0: 'Conjecture7744.polynomialFluctuation' depends on axioms: [propext, Classical.choice, Quot.sound]
info: ././././Audit.lean:26:0: 'Conjecture7744.polynomialFluctuation_square' depends on axioms: [propext, Classical.choice, Quot.sound]
info: ././././Audit.lean:27:0: 'Conjecture7744.polynomialLaw' depends on axioms: [propext, Classical.choice, Quot.sound]
info: ././././Audit.lean:28:0: 'Conjecture7744.polynomialLaw_is_pushforward' depends on axioms: [propext, Classical.choice, Quot.sound]
info: ././././Audit.lean:29:0: 'Conjecture7744.polynomialLaw_square' depends on axioms: [propext, Classical.choice, Quot.sound]
info: ././././Audit.lean:30:0: 'Conjecture7744.jointFluctuation' depends on axioms: [propext, Classical.choice, Quot.sound]
info: ././././Audit.lean:31:0: 'Conjecture7744.jointLaw' depends on axioms: [propext, Classical.choice, Quot.sound]
info: ././././Audit.lean:32:0: 'Conjecture7744.jointLaw_is_pushforward' depends on axioms: [propext, Classical.choice, Quot.sound]
info: ././././Audit.lean:33:0: 'Conjecture7744.coordinateLaw' depends on axioms: [propext, Classical.choice, Quot.sound]
info: ././././Audit.lean:34:0: 'Conjecture7744.jointLaw_coordinate' depends on axioms: [propext, Classical.choice, Quot.sound]
info: ././././Audit.lean:35:0: 'Conjecture7744.coordinateLaw_tendsto' depends on axioms: [propext, Classical.choice, Quot.sound]
info: ././././Audit.lean:36:0: 'Conjecture7744.BlockVertices' does not depend on any axioms
info: ././././Audit.lean:37:0: 'Conjecture7744.blockVerticesFintype' depends on axioms: [propext, Classical.choice, Quot.sound]
info: ././././Audit.lean:38:0: 'Conjecture7744.blockGraph' does not depend on any axioms
info: ././././Audit.lean:39:0: 'Conjecture7744.blockGraph_regular' depends on axioms: [propext, Classical.choice, Quot.sound]
info: ././././Audit.lean:40:0: 'Conjecture7744.blockRegularGraphsNonempty' depends on axioms: [propext, Classical.choice, Quot.sound]
info: ././././Audit.lean:41:0: 'Conjecture7744.blockVertices_card' depends on axioms: [propext, Classical.choice, Quot.sound]
info: ././././Audit.lean:42:0: 'Conjecture7744.blockVertices_card_pos' depends on axioms: [propext, Classical.choice, Quot.sound]
info: ././././Audit.lean:43:0: 'Conjecture7744.blockVertices_card_tendsto' depends on axioms: [propext, Classical.choice, Quot.sound]
info: ././././Audit.lean:44:0: 'Conjecture7744.lawVariance' depends on axioms: [propext, Classical.choice, Quot.sound]
info: ././././Audit.lean:45:0: 'Conjecture7744.zeroLaw_variance' depends on axioms: [propext, Classical.choice, Quot.sound]
info: ././././Audit.lean:46:0: 'Conjecture7744.quadraticLaws_tendsto_zero' depends on axioms: [propext, Classical.choice, Quot.sound]
info: ././././Audit.lean:47:0: 'Conjecture7744.quadratic_weak_limit_variance' depends on axioms: [propext, Classical.choice, Quot.sound]
info: ././././Audit.lean:48:0: 'Conjecture7744.claimedVariance' depends on axioms: [propext, Classical.choice, Quot.sound]
info: ././././Audit.lean:49:0: 'Conjecture7744.claimedVariance_three' depends on axioms: [propext, Classical.choice, Quot.sound]
info: ././././Audit.lean:50:0: 'Conjecture7744.no_claimed_quadratic_limit' depends on axioms: [propext, Classical.choice, Quot.sound]
info: ././././Audit.lean:51:0: 'Conjecture7744.RequiredSecondOrderLimit' depends on axioms: [propext, Classical.choice, Quot.sound]
info: ././././Audit.lean:52:0: 'Conjecture7744.no_required_second_order_limit' depends on axioms: [propext, Classical.choice, Quot.sound]
info: ././././Audit.lean:53:0: 'Conjecture7744.conjecture7744_false' depends on axioms: [propext, Classical.choice, Quot.sound]
Build completed successfully.
