'Conjecture7744.RegularGraph' depends on axioms: [propext, Classical.choice, Quot.sound]
'Conjecture7744.regularGraphFintype' depends on axioms: [propext, Classical.choice, Quot.sound]
'Conjecture7744.regularGraphMeasurableSpace' depends on axioms: [propext, Classical.choice, Quot.sound]
'Conjecture7744.quadraticTrace' depends on axioms: [propext, Classical.choice, Quot.sound]
'Conjecture7744.quadraticTrace_eq' depends on axioms: [propext, Classical.choice, Quot.sound]
'Conjecture7744.uniformGraphs' depends on axioms: [propext, Classical.choice, Quot.sound]
'Conjecture7744.uniformGraphs_mass' depends on axioms: [propext, Classical.choice, Quot.sound]
'Conjecture7744.quadraticExpectation' depends on axioms: [propext, Classical.choice, Quot.sound]
'Conjecture7744.quadraticExpectation_eq' depends on axioms: [propext, Classical.choice, Quot.sound]
'Conjecture7744.quadraticFluctuation' depends on axioms: [propext, Classical.choice, Quot.sound]
'Conjecture7744.quadraticFluctuation_zero' depends on axioms: [propext, Classical.choice, Quot.sound]
'Conjecture7744.finite_quadratic_variance_zero' depends on axioms: [propext, Classical.choice, Quot.sound]
'Conjecture7744.quadraticLaw' depends on axioms: [propext, Classical.choice, Quot.sound]
'Conjecture7744.zeroLaw' depends on axioms: [propext, Classical.choice, Quot.sound]
'Conjecture7744.quadraticLaw_is_pushforward' depends on axioms: [propext, Classical.choice, Quot.sound]
'Conjecture7744.quadraticLaw_eq_zeroLaw' depends on axioms: [propext, Classical.choice, Quot.sound]
'Conjecture7744.polynomialTrace' depends on axioms: [propext, Classical.choice, Quot.sound]
'Conjecture7744.polynomialTrace_square' depends on axioms: [propext, Classical.choice, Quot.sound]
'Conjecture7744.polynomialTrace_integrable' depends on axioms: [propext, Classical.choice, Quot.sound]
'Conjecture7744.polynomialExpectation' depends on axioms: [propext, Classical.choice, Quot.sound]
'Conjecture7744.polynomialFluctuation' depends on axioms: [propext, Classical.choice, Quot.sound]
'Conjecture7744.polynomialFluctuation_square' depends on axioms: [propext, Classical.choice, Quot.sound]
'Conjecture7744.polynomialLaw' depends on axioms: [propext, Classical.choice, Quot.sound]
'Conjecture7744.polynomialLaw_is_pushforward' depends on axioms: [propext, Classical.choice, Quot.sound]
'Conjecture7744.polynomialLaw_square' depends on axioms: [propext, Classical.choice, Quot.sound]
'Conjecture7744.jointFluctuation' depends on axioms: [propext, Classical.choice, Quot.sound]
'Conjecture7744.jointLaw' depends on axioms: [propext, Classical.choice, Quot.sound]
'Conjecture7744.jointLaw_is_pushforward' depends on axioms: [propext, Classical.choice, Quot.sound]
'Conjecture7744.coordinateLaw' depends on axioms: [propext, Classical.choice, Quot.sound]
'Conjecture7744.jointLaw_coordinate' depends on axioms: [propext, Classical.choice, Quot.sound]
'Conjecture7744.coordinateLaw_tendsto' depends on axioms: [propext, Classical.choice, Quot.sound]
'Conjecture7744.BlockVertices' does not depend on any axioms
'Conjecture7744.blockVerticesFintype' depends on axioms: [propext, Classical.choice, Quot.sound]
'Conjecture7744.blockGraph' does not depend on any axioms
'Conjecture7744.blockGraph_regular' depends on axioms: [propext, Classical.choice, Quot.sound]
'Conjecture7744.blockRegularGraphsNonempty' depends on axioms: [propext, Classical.choice, Quot.sound]
'Conjecture7744.blockVertices_card' depends on axioms: [propext, Classical.choice, Quot.sound]
'Conjecture7744.blockVertices_card_pos' depends on axioms: [propext, Classical.choice, Quot.sound]
'Conjecture7744.blockVertices_card_tendsto' depends on axioms: [propext, Classical.choice, Quot.sound]
'Conjecture7744.lawVariance' depends on axioms: [propext, Classical.choice, Quot.sound]
'Conjecture7744.zeroLaw_variance' depends on axioms: [propext, Classical.choice, Quot.sound]
'Conjecture7744.quadraticLaws_tendsto_zero' depends on axioms: [propext, Classical.choice, Quot.sound]
'Conjecture7744.quadratic_weak_limit_variance' depends on axioms: [propext, Classical.choice, Quot.sound]
'Conjecture7744.claimedVariance' depends on axioms: [propext, Classical.choice, Quot.sound]
'Conjecture7744.claimedVariance_three' depends on axioms: [propext, Classical.choice, Quot.sound]
'Conjecture7744.no_claimed_quadratic_limit' depends on axioms: [propext, Classical.choice, Quot.sound]
'Conjecture7744.RequiredSecondOrderLimit' depends on axioms: [propext, Classical.choice, Quot.sound]
'Conjecture7744.no_required_second_order_limit' depends on axioms: [propext, Classical.choice, Quot.sound]
'Conjecture7744.conjecture7744_false' depends on axioms: [propext, Classical.choice, Quot.sound]
